// Jest Snapshot v1, https://goo.gl/fbAQLP

exports[`Checkbox component should match snapshot 1`] = `
<input
  checked=""
  class="checkbox-input"
  id="remember-me"
  name="remember-me"
  type="checkbox"
/>
`;
