// Jest Snapshot v1, https://goo.gl/fbAQLP

exports[`Form should render component and match snapshot 1`] = `
<div>
  <div
    class="container-form"
  >
    <div
      class="container-header"
    >
      <div
        class="mb-10"
      >
        <div
          class="flex justify-center"
        >
          <i
            class=" fa-solid fa-mug-hot icon"
          />
        </div>
        <h2
          class="heading"
        >
          Login
        </h2>
        <p
          class="paragraphs-header"
        >
          Don't have an account?
          <a
            class="link"
            href="/signUp"
          >
            SignUp
          </a>
        </p>
      </div>
      <form
        action="#"
        class="mt-8 space-y-6"
        method="POST"
      >
        <input
          name="remember"
          type="hidden"
          value="true"
        />
        <div
          class="rounded-md shadow-sm -space-y-px"
        >
          <div
            class="mb-6"
          >
            <input
              class="input"
              id="email"
              placeholder="Email"
              type="email"
              value=""
            />
          </div>
          <div
            class="mb-6"
          >
            <input
              class="input"
              id="password"
              placeholder="Password"
              type="password"
              value=""
            />
          </div>
        </div>
        <div
          class="container-checkbox"
        >
          <div
            class="flex items-center"
          >
            <input
              checked=""
              class="checkbox-input"
              id="remember-me"
              name="remember-me"
              type="checkbox"
            />
            <label
              class="paragraphs"
              for="remember-me"
            >
               Remember me 
            </label>
          </div>
          <div
            class="text-sm"
          >
            <a
              class="container-footer"
              href="#"
            >
               Forgot your password? 
            </a>
          </div>
        </div>
        <div>
          <button
            class="button-container"
            type="submit"
          >
            <span
              class="span"
            >
              <svg
                aria-hidden="true"
                class="button-lock"
                fill="currentColor"
                viewBox="0 0 20 20"
                xmlns="http://www.w3.org/2000/svg"
              >
                <path
                  clip-rule="evenodd"
                  d="M5 9V7a5 5 0 0110 0v2a2 2 0 012 2v5a2 2 0 01-2 2H5a2 2 0 01-2-2v-5a2 2 0 012-2zm8-2v2H7V7a3 3 0 016 0z"
                  fill-rule="evenodd"
                />
              </svg>
            </span>
             Sign in 
          </button>
        </div>
      </form>
    </div>
  </div>
</div>
`;
